[    0.000000] Linux version 4.15.0-47-generic (buildd@lgw01-amd64-001) (gcc version 7.3.0 (Ubuntu 7.3.0-16ubuntu3)) #50-Ubuntu SMP Wed Mar 13 10:44:52 UTC 2019 (Ubuntu 4.15.0-47.50-generic 4.15.18)
[    0.000000] Command line: BOOT_IMAGE=/boot/vmlinuz-4.15.0-47-generic root=LABEL=cloudimg-rootfs ro console=tty1 console=ttyS0
[    0.000000] KERNEL supported cpus:
[    0.000000]   Intel GenuineIntel
[    0.000000]   AMD AuthenticAMD
[    0.000000]   Centaur CentaurHauls
[    0.000000] x86/fpu: Supporting XSAVE feature 0x001: 'x87 floating point registers'
[    0.000000] x86/fpu: Supporting XSAVE feature 0x002: 'SSE registers'
[    0.000000] x86/fpu: Supporting XSAVE feature 0x004: 'AVX registers'
[    0.000000] x86/fpu: xstate_offset[2]:  576, xstate_sizes[2]:  256
[    0.000000] x86/fpu: Enabled xstate features 0x7, context size is 832 bytes, using 'standard' format.
[    0.000000] e820: BIOS-provided physical RAM map:
[    0.000000] BIOS-e820: [mem 0x0000000000000000-0x000000000009fbff] usable
[    0.000000] BIOS-e820: [mem 0x000000000009fc00-0x000000000009ffff] reserved
[    0.000000] BIOS-e820: [mem 0x00000000000f0000-0x00000000000fffff] reserved
[    0.000000] BIOS-e820: [mem 0x0000000000100000-0x000000007ffeffff] usable
[    0.000000] BIOS-e820: [mem 0x000000007fff0000-0x000000007fffffff] ACPI data
[    0.000000] BIOS-e820: [mem 0x00000000fec00000-0x00000000fec00fff] reserved
[    0.000000] BIOS-e820: [mem 0x00000000fee00000-0x00000000fee00fff] reserved
[    0.000000] BIOS-e820: [mem 0x00000000fffc0000-0x00000000ffffffff] reserved
[    0.000000] NX (Execute Disable) protection: active
[    0.000000] SMBIOS 2.5 present.
[    0.000000] DMI: innotek GmbH VirtualBox/VirtualBox, BIOS VirtualBox 12/01/2006
[    0.000000] Hypervisor detected: KVM
[    0.000000] e820: last_pfn = 0x7fff0 max_arch_pfn = 0x400000000
[    0.000000] MTRR: Disabled
[    0.000000] x86/PAT: MTRRs disabled, skipping PAT initialization too.
[    0.000000] CPU MTRRs all blank - virtualized system.
[    0.000000] x86/PAT: Configuration [0-7]: WB  WT  UC- UC  WB  WT  UC- UC  
[    0.000000] found SMP MP-table at [mem 0x0009fff0-0x0009ffff] mapped at [        (ptrval)]
[    0.000000] Scanning 1 areas for low memory corruption
[    0.000000] RAMDISK: [mem 0x359d1000-0x36cdffff]
[    0.000000] ACPI: Early table checksum verification disabled
[    0.000000] ACPI: RSDP 0x00000000000E0000 000024 (v02 VBOX  )
[    0.000000] ACPI: XSDT 0x000000007FFF0030 00003C (v01 VBOX   VBOXXSDT 00000001 ASL  00000061)
[    0.000000] ACPI: FACP 0x000000007FFF00F0 0000F4 (v04 VBOX   VBOXFACP 00000001 ASL  00000061)
[    0.000000] ACPI: DSDT 0x000000007FFF0470 0021FF (v02 VBOX   VBOXBIOS 00000002 INTL 20100528)
[    0.000000] ACPI: FACS 0x000000007FFF0200 000040
[    0.000000] ACPI: FACS 0x000000007FFF0200 000040
[    0.000000] ACPI: APIC 0x000000007FFF0240 00005C (v02 VBOX   VBOXAPIC 00000001 ASL  00000061)
[    0.000000] ACPI: SSDT 0x000000007FFF02A0 0001CC (v01 VBOX   VBOXCPUT 00000002 INTL 20100528)
[    0.000000] No NUMA configuration found
[    0.000000] Faking a node at [mem 0x0000000000000000-0x000000007ffeffff]
[    0.000000] NODE_DATA(0) allocated [mem 0x7ffc5000-0x7ffeffff]
[    0.000000] kvm-clock: cpu 0, msr 0:7ff44001, primary cpu clock
[    0.000000] kvm-clock: Using msrs 4b564d01 and 4b564d00
[    0.000000] kvm-clock: using sched offset of 5484866117 cycles
[    0.000000] clocksource: kvm-clock: mask: 0xffffffffffffffff max_cycles: 0x1cd42e4dffb, max_idle_ns: 881590591483 ns
[    0.000000] Zone ranges:
[    0.000000]   DMA      [mem 0x0000000000001000-0x0000000000ffffff]
[    0.000000]   DMA32    [mem 0x0000000001000000-0x000000007ffeffff]
[    0.000000]   Normal   empty
[    0.000000]   Device   empty
[    0.000000] Movable zone start for each node
[    0.000000] Early memory node ranges
[    0.000000]   node   0: [mem 0x0000000000001000-0x000000000009efff]
[    0.000000]   node   0: [mem 0x0000000000100000-0x000000007ffeffff]
[    0.000000] Reserved but unavailable: 114 pages
[    0.000000] Initmem setup node 0 [mem 0x0000000000001000-0x000000007ffeffff]
[    0.000000] ACPI: PM-Timer IO Port: 0x4008
[    0.000000] IOAPIC[0]: apic_id 2, version 32, address 0xfec00000, GSI 0-23
[    0.000000] ACPI: INT_SRC_OVR (bus 0 bus_irq 0 global_irq 2 dfl dfl)
[    0.000000] ACPI: INT_SRC_OVR (bus 0 bus_irq 9 global_irq 9 low level)
[    0.000000] Using ACPI (MADT) for SMP configuration information
[    0.000000] smpboot: Allowing 2 CPUs, 0 hotplug CPUs
[    0.000000] PM: Registered nosave memory: [mem 0x0000000-0x00000fff]
[    0.000000] PM: Registered nosave memory: [mem 0x0009f000-0x0009ffff]
[    0.000000] PM: Registered nosave memory: [mem 0x000a0000-0x000effff]
[    0.000000] PM: Registered nosave memory: [mem 0x000f0000-0x000fffff]
[    0.000000] e820: [mem 0x80000000-0xfebfffff] available for PCI devices
[    0.000000] Booting paravirtualized kernel on KVM
[    0.000000] clocksource: refined-jiffies: mask: 0xffffffff max_cycles: 0xffffffff, max_idle_ns: 7645519600211568 ns
[    0000000] random: get_random_bytes called from start_kernel+0x99/0x4fd with crng_init=0
[    0.000000] setup_percpu: NR_CPUS:8192 nr_cpumask_bits:2 nr_cpu_ids:2 nr_node_ids:1
[    0.000000] percpu: Embedded 46 pages/cpu @        (ptrval) s151552 r8192 d28672 u1048576
[    0.000000] PV qspinlock hash table entries: 256 (order: 0, 4096 bytes)
[    0.000000] Built 1 zonelists, mobility grouping on.  Total pages: 515961
[    0.000000] Policy zone: DMA32
[    0.000000] Kernel command line: BOOT_IMAGE=/boot/vmlinuz-4.15.0-47-generic root=LABEL=cloudimg-rootfs ro console=tty1 console=ttyS0
[    0.000000] Memory: 2015260K/2096696K available (12300K kernel code, 2473K rwdata, 4252K rodata, 2408K init, 2416K bss, 81436K reserved, 0K cma-reserved)
[    0.000000] SLUB: HWalign=64, Order=0-3, MinObjects=0, CPUs=2, Nodes=1
[    0.000000] Kernel/User page tables isolation: enabled
[    0.000000] ftrace: allocating 39206 entries in 154 pages
[    0.004000] Hierarchical RCU implementation.
[    0.004000] 	RCU restricting CPUs from NR_CPUS=8192 to nr_cpu_ids=2.
[    0.004000] 	Tasks RCU enabled.
[    0.004000] RCU: Adjusting geometry for rcu_fanout_leaf=16, nr_cpu_ids=2
[    0.004000] NR_IRQS: 524544, nr_irqs: 440, preallocated irqs: 16
[    0.004000] Console: colour VGA+ 80x25
[    0.004000] console [tty1] enabled
[    0.004000] console [ttyS0] enabled
[    0.004000] ACPI: Core revision 20170831
[    0.004000] ACPI: 2 ACPI AML tables successfully acquired and loaded
[    0.004000] APIC: Switch to symmetric I/O mode setup
[    0.004000] x2apic enabled
[    0.004000] Switched APIC routing to physical x2apic.
[    0.006079] ..TIMER: vector=0x30 apic1=0 pin1=2 apic2=-1 pin2=-1
[    0.008009] tsc: Detected 2711.998 MHz processor
[    0.012018] Calibrating delay loop (skipped) preset value.. 5423.99 BogoMIPS (lpj=10847992)
[    0.014513] pid_max: default: 32768 minimum: 301
[    0.016084] Security Framework initialized
[    0.017342] Yama: becoming mindful.
[    0.020026] AppArmor: AppArmor initialized
[    0.021505] Dentry cache hash table entries: 262144 (order: 9, 2097152 bytes)
[    0.024047] Inode-cache hash table entries: 131072 (order: 8, 1048576 bytes)
[    0.028032] Mount-cache hash table entries: 4096 (order: 3, 32768 bytes)
[    0.031311] Mountpoint-cache hash table entries: 4096 (order: 3, 32768 bytes)
[    0.032356] mce: CPU supports 0 MCE banks
[    0.033839] Last level iTLB entries: 4KB 64, 2MB 8, 4MB 8
[    0.036011] Last level dTLB entries: 4KB 64, 2MB 0, 4MB 0, 1GB 4
[    0.040011] Spectre V2 : Mitigation: Full generic retpoline
[    0.044010] Spectre V2 : Spectre v2 / SpectreRSB mitigation: Filling RSB on context switch
[    0.048008] Speculative Store Bypass: Vulnerable
[    0.052363] Freeing SMP alternatives memory: 36K
[    0.064000] smpboot: CPU0: Intel(R) Core(TM) i5-7200U CPU @ 2.50GHz (family: 0x6, model: 0x8e, stepping: 0x9)
[    0.064167] Performance Events: unsupported p6 CPU model 142 no PMU driver, software events only.
[    0.068184] Hierarchical SRCU implementation.
[    0.077207] NMI watchdog: Perf event create on CPU 0 failed with -2
[    0.080010] NMI watchdog: Perf NMI watchdog permanently disabled
[    0.084131] smp: Bringing up secondary CPUs ...
[    0.092026] x86: Booting SMP configuration:
[    0.096008] .... node  #0, CPUs:      #1
[    0.004000] kvm-clock: cpu 1, msr 0:7ff44041, secondary cpu clock
[    0.004000] mce: CPU supports 0 MCE banks
[    0.110590] smp: Brought up 1 node, 2 CPUs
[    0.112013] smpboot: Max logical packages: 1
[    0.113319] smpboot: Total of 2 processors activated (10847.99 BogoMIPS)
[    0.116292] devtmpfs: initialized
[    0.117143] x86/mm: Memory block size: 128MB
[    0.118806] evm: security.selinux
[    0.119718] evm: security.SMACK64
[    0.120004] evm: security.SMACK64EXEC
[    0.121031] evm: security.SMACK64TRANSMUTE
[    0.122218] evm: security.SMACK64MMAP
[    0.124008] evm: security.apparmor
[    0.128008] evm: security.ima
[    0.132004] evm: security.capability
[    0.140030] clocksource: jiffies: mask: 0xffffffff max_cycles: 0xffffffff, max_idle_ns: 7645041785100000 ns
[    0.144021] futex hash table entries: 512 (order: 3, 32768 bytes)
[    0.148132] pinctrl core: initialized pinctrl subsystem
[    0.156319] RTC time:  4:36:57, date: 07/13/19
[    0.160357] NET: Registered protocol family 16
[    0.164251] audit: initializing netlink subsys (disabled)
[    0.168080] audit: type=2000 audit(1562992622.991:1): state=initialized audit_enabled=0 res=1
[    0.176017] cpuidle: using governor ladder
[    0.177743] cpuidle: using governor menu
[    0.179379] ACPI: bus type PCI registered
[    0.180005] acpiphp: ACPI Hot Plug PCI Controller Driver version: 0.5
[    0.182301] PCI: Using configuration type 1 for base access
[    0.192148] HugeTLB registered 2.00 MiB page size, pre-allocated 0 pages
[    0.196222] ACPI: Added _OSI(Module Device)
[    0.198036] ACPI: Added _OSI(Processor Device)
[    0.200012] ACPI: Added _OSI(3.0 _SCP Extensions)
[    0.201706] ACPI: Added _OSI(Processor Aggregator Device)
[    0.204024] ACPI: Added _OSI(Linux-Dell-Video)
[    0.205622] ACPI: Added _OSI(Linux-Lenovo-NV-HDMI-Audio)
[    0.208006] ACPI: Added _OSI(Linux-HPI-Hybrid-Graphics)
[    0.212440] ACPI: Executed 1 blocks of module-level executable AML code
[    0.225590] ACPI: Interpreter enabled
[    0.228027] ACPI: (supports S0 S5)
[    0.232006] ACPI: Using IOAPIC for interrupt routing
[    0.236681] PCI: Using host bridge windows from ACPI; if necessary, use "pci=nocrs" and report a bug
[    0.244194] ACPI: Enabled 2 GPEs in block 00 to 07
[    0.265101] ACPI: PCI Root Bridge [PCI0] (domain 0000 [bus 00-ff])
[    0.268024] acpi PNP0A03:00: _OSC: OS supports [ASPM ClockPM Segments MSI]
[    0.270509] acpi PNP0A03:00: _OSC: not requesting OS control; OS requires [ExtendedConfig ASPM ClockPM MSI]
[    0.272017] acpi PNP0A03:00: fail to add MMCONFIG information, can't access extended PCI configuration space under this bridge.
[    0.280795] PCI host bridge to bus 0000:00
[    0.282415] pci_bus 0000:00: root bus resource [io  0x0000-0x0cf7 window]
[    0.284011] pci_bus 0000:00: root bus resource [io  0x0d00-0xffff window]
[    0.286447] pci_bus 0000:00: root bus resource [mem 0x000a0000-0x000bffff window]
[    0.288006] pci_bus 0000:00: root bus resource [mem 0x80000000-0xfdffffff window]
[    0.292014] pci_bus 0000:00: root bus resource [bus 00-ff]
[    0.299235] pci 0000:00:01.1: legacy IDE quirk: reg 0x10: [io  0x01f0-0x01f7]
[    0.300019] pci 0000:00:01.1: legacy IDE quirk: reg 0x14: [io  0x03f6]
[    0.304011] pci 0000:00:01.1: legacy IDE quirk: reg 0x18: [io  0x0170-0x0177]
[    0.308006] pci 0000:00:01.1: legacy IDE quirk: reg 0x1c: [io  0x0376]
[    0.355685] pci 0000:00:07.0: quirk: [io  0x4000-0x403f] claimed by PIIX4 ACPI
[    0.356056] pci 0000:00:07.0: quirk: [io  0x4100-0x410f] claimed by PIIX4 SMB
[    0.392000] ACPI: PCI Interrupt Link [LNKA] (IRQs 5 9 10 *11)
[    0.393053] ACPI: PCI Interrupt Link [LNKB] (IRQs 5 9 *10 11)
[    0.396423] ACPI: PCI Interrupt Link [LNKC] (IRQs 5 *9 10 11)
[    0.400390] ACPI: PCI Interrupt Link [LNKD] (IRQs 5 9 10 *11)
[    0.404928] SCSI subsystem initialized
[    0.408228] pci 0000:00:02.0: vgaarb: setting as boot VGA device
[    0.412000] pci 0000:00:02.0: vgaarb: VGA device added: decodes=io+mem,owns=io+mem,locks=none
[    0.436013] pci 0000:00:02.0: vgaarb: bridge control possible
[    0.440007] vgaarb: loaded
[    0.441775] ACPI: bus type USB registered
[    0.452061] usbcore: registered new interface driver usbfs
[    0.456032] usbcore: registered new interface driver hub
[    0.460054] usbcore: registered new device driver usb
[    0.464123] EDAC MC: Ver: 3.0.0
[    0.468065] PCI: Using ACPI for IRQ routing
[    0.488819] NetLabel: Initializing
[    0.492006] NetLabel:  domain hash size = 128
[    0.516009] NetLabel:  protocols = UNLABELED CIPSOv4 CALIPSO
[    0.520051] NetLabel:  unlabeled traffic allowed by default
[    0.528183] clocksource: Switched to clocksource kvm-clock
[    0.582701] VFS: Disk quotas dquot_6.6.0
[    0.592857] VFS: Dquot-cache hash table entries: 512 (order 0, 4096 bytes)
[    0.596788] AppArmor: AppArmor Filesystem Enabled
[    0.611645] pnp: PnP ACPI init
[    0.615960] pnp: PnP ACPI: found 3 devices
[    0.626587] clocksource: acpi_pm: mask: 0xffffff max_cycles: 0xffffff, max_idle_ns: 2085701024 ns
[    0.633366] NET: Registered protocol family 2
[    0.645481] TCP established hash table entries: 16384 (order: 5, 131072 bytes)
[    0.651147] TCP bind hash table entries: 16384 (order: 6, 262144 bytes)
[    0.679532] TCP: Hash tables configured (established 16384 bind 16384)
[    0.683609] UDP hash table entries: 1024 (order: 3, 32768 bytes)
[    0.686360] UDP-Lite hash table entries: 1024 (order: 3, 32768 bytes)
[    0.702644] NET: Registered protocol family 1
[    0.714824] pci 0000:00:00.0: Limiting direct PCI/PCI transfers
[    0.726842] pci 0000:00:01.0: Activating ISA DMA hang workarounds
[    0.729690] pci 0000:00:02.0: Video device with shadowed ROM at [mem 0x000c0000-0x000dffff]
[    0.733844] Unpacking initramfs...
[    1.483901] Freeing initrd memory: 19516K
[    1.520738] platform rtc_cmos: registered platform RTC device (no PNP device found)
[    1.572652] Scanning for low memory corruption every 60 seconds
[    1.623677] Initialise system trusted keyrings
[    1.627351] Key type blacklist registered
[    1.652508] workingset: timestamp_bits=36 max_order=19 bucket_order=0
[    1.687182] zbud: loaded
[    1.706197] squashfs: version 4.0 (2009/01/31) Phillip Lougher
[    1.716489] fuse init (API version 7.26)
[    1.755659] Key type asymmetric registered
[    1.765805] Asymmetric key parser 'x509' registered
[    1.768189] Block layer SCSI generic (bsg) driver version 0.4 loaded (major 246)
[    1.771455] io scheduler noop registered
[    1.785718] io scheduler deadline registered
[    1.787784] io scheduler cfq registered (default)
[    1.790568] ACPI: AC Adapter [AC] (off-line)
[    1.795629] input: Power Button as /devices/LNXSYSTM:00/LNXPWRBN:00/input/input0
[    1.800242] ACPI: Power Button [PWRF]
[    1.802736] input: Sleep Button as /devices/LNXSYSTM:00/LNXSLPBN:00/input/input1
[    1.824420] ACPI: Sleep Button [SLPF]
[    1.843657] ACPI: Battery Slot [BAT0] (battery present)
[    1.849823] Serial: 8250/16550 driver, 32 ports, IRQ sharing enabled
[    1.887765] 00:02: ttyS0 at I/O 0x3f8 (irq = 4, base_baud = 115200) is a 16550A
[    1.902413] Linux agpgart interface v0.103
[    1.908450] loop: module loaded
[    1.930057] scsi host0: ata_piix
[    1.942230] scsi host1: ata_piix
[    1.961734] ata1: PATA max UDMA/33 cmd 0x1f0 ctl 0x3f6 bmdma 0xd000 irq 14
[    1.972748] ata2: PATA max UDMA/33 cmd 0x170 ctl 0x376 bmdma 0xd008 irq 15
[    1.977273] libphy: Fixed MDIO Bus: probed
[    1.984495] tun: Universal TUN/TAP device driver, 1.6
[    1.987138] PPP generic driver version 2.4.2
[    2.004350] ehci_hcd: USB 2.0 'Enhanced' Host Controller (EHCI) Driver
[    2.012477] ehci-pci: EHCI PCI platform driver
[    2.023888] ehci-platform: EHCI generic platform driver
[    2.035386] ohci_hcd: USB 1.1 'Open' Host Controller (OHCI) Driver
[    2.038864] ohci-pci: OHCI PCI platform driver
[    2.053445] ohci-platform: OHCI generic platform driver
[    2.056523] uhci_hcd: USB Universal Host Controller Interface driver
[    2.061529] i8042: PNP: PS/2 Controller [PNP0303:PS2K,PNP0f03:PS2M] at 0x60,0x64 irq 1,12
[    2.067476] serio: i8042 KBD port at 0x60,0x64 irq 1
[    2.081132] serio: i8042 AUX port at 0x60,0x64 irq 12
[    2.086692] mousedev: PS/2 mouse device common for all mice
[    2.096718] input: AT Translated Set 2 keyboard as /devices/platform/i8042/serio0/input/input2
[    2.101066] rtc_cmos rtc_cmos: rtc core: registered rtc_cmos as rtc0
[    2.103344] rtc_cmos rtc_cmos: alarms up to one day, 114 bytes nvram
[    2.105393] i2c /dev entries driver
[    2.106678] pcie_mp2_amd: AMD(R) PCI-E MP2 Communication Driver Version: 1.0
[    2.118926] device-mapper: uevent: version 1.0.3
[    2.128053] device-mapper: ioctl: 4.37.0-ioctl (2017-09-20) initialised: dm-devel@redhat.com
[    2.148736] ledtrig-cpu: registered to indicate activity on CPUs
[    2.152341] NET: Registered protocol family 10
[    2.187652] Segment Routing with IPv6
[    2.189489] NET: Registered protocol family 17
[    2.191222] Key type dns_resolver registered
[    2.195358] RAS: Correctable Errors collector initialized.
[    2.203064] sched_clock: Marking stable (2203011676, 0)->(4069990803, -1866979127)
[    2.206727] registered taskstats version 1
[    2.208392] Loading compiled-in X.509 certificates
[    2.213474] Loaded X.509 cert 'Build time autogenerated kernel key: 7211859d1298c08a101905a3cb814e8c7b4bf4a4'
[    2.216049] zswap: loaded using pool lzo/zbud
[    2.226045] Key type big_key registered
[    2.227834] Key type trusted registered
[    2.234224] Key type encrypted registered
[    2.236263] AppArmor: AppArmor sha1 policy hashing enabled
[    2.238796] ima: No TPM chip found, activating TPM-bypass! (rc=-19)
[    2.241291] ima: Allocated hash algorithm: sha1
[    2.243143] evm: HMAC attrs: 0x1
[    2.245509]   Magic number: 11:983:615
[    2.247321] misc tun: hash matches
[    2.249312] rtc_cmos rtc_cmos: setting system clock to 2019-07-13 04:36:59 UTC (1562992619)
[    2.253182] BIOS EDD facility v0.16 2004-Jun-25, 0 devices found
[    2.255700] EDD information not available.
[    2.263413] Freeing unused kernel memory: 2408K
[    2.284789] Write protecting the kernel read-only data: 20480k
[    2.298901] Freeing unused kernel memory: 2008K
[    2.351893] Freeing unused kernel memory: 1892K
[    2.392915] x86/mm: Checked W+X mappings: passed, no W+X pages found.
[    2.403059] x86/mm: Checking user space page tables
[    2.528548] tsc: Refined TSC clocksource calibration: 2711.986 MHz
[    2.528555] clocksource: tsc: mask: 0xffffffffffffffff max_cycles: 0x27177920435, max_idle_ns: 440795246844 ns
[    3.772045] x86/mm: Checked W+X mappings: passed, no W+X pages found.
Loading, please wait...
starting version 237
[    3.988758] e1000: Intel(R) PRO/1000 Network Driver - version 7.3.21-k8-NAPI
[    3.991980] e1000: Copyright (c) 1999-2006 Intel Corporation.
[    4.004855] Fusion MPT base driver 3.04.20
[    4.007066] Copyright (c) 1999-2008 LSI Corporation
[    4.050680] AVX2 version of gcm_enc/dec engaged.
[    4.053400] AES CTR mode by8 optimization enabled
[    4.056183] Fusion MPT SPI Host driver 3.04.20
[    4.214102] input: ImExPS/2 Generic Explorer Mouse as /devices/platform/i8042/serio1/input/input4
[    4.547947] e1000 0000:00:03.0 eth0: (PCI:33MHz:32-bit) 02:06:00:4b:33:e4
[    4.551829] e1000 0000:00:03.0 eth0: Intel(R) PRO/1000 Network Connection
[    5.096316] e1000 0000:00:08.0 eth1: (PCI:33MHz:32-bit) 08:00:27:b6:20:ed
[    5.103773] e1000 0000:00:08.0 eth1: Intel(R) PRO/1000 Network Connection
[    5.155427] e1000 0000:00:08.0 enp0s8: renamed from eth1
[    5.160888] mptbase: ioc0: Initiating bringup
[    5.180416] e1000 0000:00:03.0 enp0s3: renamed from eth0
[    5.290049] ioc0: LSI53C1030 A0: Capabilities={Initiator}
[    5.548522] scsi host2: ioc0: LSI53C1030 A0, FwRev=00000000h, Ports=1, MaxQ=256, IRQ=20
[    5.762186] scsi 2:0:0:0: Direct-Access     VBOX     HARDDISK         1.0  PQ: 0 ANSI: 5
[    6.029300] scsi target2:0:0: Beginning Domain Validation
[    6.055300] scsi target2:0:0: Domain Validation skipping write tests
[    6.065640] scsi target2:0:0: Ending Domain Validation
[    6.076257] scsi target2:0:0: asynchronous
[    6.521139] scsi 2:0:1:0: Direct-Access     VBOX     HARDDISK         1.0  PQ: 0 ANSI: 5
[    7.043378] scsi target2:0:1: Beginning Domain Validation
[    7.059767] random: fast init done
[    7.073233] scsi target2:0:1: Domain Validation skipping write tests
[    7.087602] scsi target2:0:1: Ending Domain Validation
[    7.098778] scsi target2:0:1: asynchronous
[    7.543791] random: systemd-udevd: uninitialized urandom read (16 bytes read)
[    7.544508] sd 2:0:0:0: [sda] 20971520 512-byte logical blocks: (10.7 GB/10.0 GiB)
[    7.544561] sd 2:0:0:0: Attached scsi generic sg0 type 0
[    7.544676] sd 2:0:0:0: [sda] Write Protect is off
[    7.545230] sd 2:0:0:0: [sda] Incomplete mode parameter data
[    7.545234] sd 2:0:0:0: [sda] Assuming drive cache: write through
[    7.545949] sd 2:0:1:0: [sdb] 20480 512-byte logical blocks: (10.5 MB/10.0 MiB)
[    7.546054] sd 2:0:1:0: [sdb] Write Protect is off
[    7.546329] sd 2:0:1:0: [sdb] Incomplete mode parameter data
[    7.546333] sd 2:0:1:0: [sdb] Assuming drive cache: write through
[    7.547217] sd 2:0:1:0: Attached scsi generic sg1 type 0
[    7.549552]  sda: sda1
[    7.551136] sd 2:0:0:0: [sda] Attached SCSI disk
[    7.551707] sd 2:0:1:0: [sdb] Attached SCSI disk
[    7.722745] random: systemd-udevd: uninitialized urandom read (16 bytes read)
[    7.725910] random: systemd-udevd: uninitialized urandom read (16 bytes read)
Begin: Loading essential drivers ... [   10.320505] raid6: sse2x1   gen()  4814 MB/s
[   10.376098] raid6: sse2x1   xor()  3443 MB/s
[   10.432716] raid6: sse2x2   gen()  5801 MB/s
[   10.488211] raid6: sse2x2   xor()  3502 MB/s
[   10.544232] raid6: sse2x4   gen()  6713 MB/s
[   10.600872] raid6: sse2x4   xor()  4178 MB/s
[   10.680071] raid6: avx2x1   gen()  8505 MB/s
[   10.728697] raid6: avx2x1   xor()  6049 MB/s
[   10.796048] raid6: avx2x2   gen() 11920 MB/s
[   10.852650] raid6: avx2x2   xor()  7252 MB/s
[   10.912182] raid6: avx2x4   gen() 13010 MB/s
[   10.972197] raid6: avx2x4   xor()  8406 MB/s
[   10.974096] raid6: using algorithm avx2x4 gen() 13010 MB/s
[   10.976453] raid6: .... xor() 8406 MB/s, rmw enabled
[   10.978240] raid6: using avx2x2 recovery algorithm
[   10.982325] xor: automatically using best checksumming function   avx       
[   10.989296] async_tx: api initialized (async)
done.
Begin: Running /scripts/init-premount ... done.
Begin: Mounting root file system ... Begin: Running /scripts/local-top ... done.
Begin: Running /scripts/local-premount ... [   11.091687] Btrfs loaded, crc32c=crc32c-intel
Scanning for Btrfs filesystems
done.
Warning: fsck not present, so skipping root file system
[   11.159993] EXT4-fs (sda1): mounted filesystem with ordered data mode. Opts: (null)
done.
Begin: Running /scripts/local-bottom ... done.
Begin: Running /scripts/init-bottom ... done.
[   11.523229] ip_tables: (C) 2000-2006 Netfilter Core Team
[   11.581189] systemd[1]: systemd 237 running in system mode. (+PAM +AUDIT +SELINUX +IMA +APPARMOR +SMACK +SYSVINIT +UTMP +LIBCRYPTSETUP +GCRYPT +GNUTLS +ACL +XZ +LZ4 +SECCOMP +BLKID +ELFUTILS +KMOD -IDN2 +IDN -PCRE2 default-hierarchy=hybrid)
[   11.644347] systemd[1]: Detected virtualization oracle.
[   11.673868] systemd[1]: Detected architecture x86-64.

Welcome to [1mUbuntu 18.04.2 LTS[0m!

[   11.730071] systemd[1]: Set hostname to <ubuntu-bionic>.
[   12.243950] systemd[1]: Reached target User and Group Name Lookups.
[[0;32m  OK  [0m] Reached target User and Group Name Lookups.
[   12.304475] systemd[1]: Created slice System Slice.
[[0;32m  OK  [0m] Created slice System Slice.
[   12.348504] systemd[1]: Listening on Journal Socket.
[[0;32m  OK  [0m] Listening on Journal Socket.
[   12.404667] systemd[1]: Starting Set the console keyboard layout...
         Starting Set the console keyboard layout...
[   12.422794] systemd[1]: Starting Uncomplicated firewall...
         Starting Uncomplicated firewall...
[   12.458842] systemd[1]: Mounting Kernel Debug File System...
         Mounting Kernel Debug File System...
[[0;32m  OK  [0m] Listening on Device-mapper event daemon FIFOs.
[[0;32m  OK  [0m] Listening on Journal Audit Socket.
[[0;32m  OK  [0m] Listening on LVM2 poll daemon socket.
[[0;32m  OK  [0m] Listening on /dev/initctl Compatibility Named Pipe.
[[0;32m  OK  [0m] Set up automount Arbitrary Executabâ€¦rmats File System Automount Point.
         Starting Remount Root and Kernel File Systems...
[[0;32m  OK  [0m] Listening on LVM2 metadata daemon socket.
[[0;32m  OK  [0m] Listening on udev Control Socket.
         Mounting Huge Pages File System...
         Mounting POSIX Message Queue File System...
         Starting Load Kernel Modules...
[[0;32m  OK  [0m] Started Forward Password Requests to Wall Di[   12.692946] EXT4-fs (sda1): re-mounted. Opts: (null)
rectory Watch.
[[0;32m  OK  [0m] Reached targe[   12.767719] Loading iSCSI transport class v2.0-870.
t Swap.
         Starting Create list of required stâ€¦ce nodes for the current kernel...
[[0;32m  OK  [0m] Listening on udev Kernel Socket.
         Starting udev Coldplug all Devices...
[   12.820582] iscsi: registered transport (tcp)
         Starting Monitoring of LVM2 mirrorsâ€¦ng dmeventd or progress polling...
[[0;32m  OK  [0m] Created slice User and Session Slice.
[[0;32m  OK  [0m] Reached target Slices.
[[0;32m  OK  [0m] Listening on Network Service Netlink Socket.
[[0;32m  OK  [0m] Listening on Journal Socket (/dev/log).
[[0;32m  OK  [0m] Listening on Syslog Socket.
[   12.930287] iscsi: registered transport (iser)
         Starting Journal Service...
[[0;32m  OK  [0m] Reached target System Time Synchronized.
[[0;32m  OK  [0m] Created slice system-serial\x2dgetty.slice.
[[0;32m  OK  [0m] Started Uncomplicated firewall.
[[0;32m  OK  [0m] Mounted Kernel Debug File System.
[[0;32m  OK  [0m] Started Remount Root and Kernel File Systems.
[[0;32m  OK  [0m] Mounted Huge Pages File System.
[[0;32m  OK  [0m] Mounted POSIX Message Queue File System.
[[0;32m  OK  [0m] Started Load Kernel Modules.
[[0;32m  OK  [0m] Started Create list of required staâ€¦vice nodes for the current kernel.
[[0;32m  OK  [0m] Started LVM2 metadata daemon.
         Starting Create Static Device Nodes in /dev...
         Mounting Kernel Configuration File System...
         Starting Apply Kernel Variables...
         Mounting FUSE Control File System...
         Starting Initial cloud-init job (pre-networking)...
         Starting Load/Save Random Seed...
[[0;32m  OK  [0m] Mounted Kernel Configuration File System.
[[0;32m  OK  [0m] Started Journal Service.
[[0;32m  OK  [0m] Mounted FUSE Control File System.
         Starting Flush Journal to Persistent Storage...
[[0;32m  OK  [0m] Started udev Coldplug all Devices.
[[0;32m  OK  [0m] Started Create Static Device Nodes in /dev.
         Starting udev Kernel Device Manager...
[[0;32m  OK  [0m] Started Apply Kernel Variables.
[[0;32m  OK  [0m] Started Monitoring of LVM2 mirrors,â€¦sing dmeventd or progress polling.
[[0;32m  OK  [0m] Started Load/Save Random Seed.
[[0;32m  OK  [0m] Started udev Kernel Device Manager.
[[0;32m  OK  [0m] Started Flush Journal to Persistent Storage.
[[0;32m  OK  [0m] Found device /dev/ttyS0.
[[0;32m  OK  [0m] Listening on Load/Save RF Kill Switch Status /dev/rfkill Watch.
[[0;32m  OK  [0m] Started Set the console keyboard layout.
[[0;32m  OK  [0m] Started Dispatch Password Requests to Console Directory Watch.
[[0;32m  OK  [0m] Reached target Local Encrypted Volumes.
[[0;32m  OK  [0m] Reached target Local File Systems (Pre).
[[0;32m  OK  [0m] Reached target Local File Systems.
         Starting ebtables ruleset management...
         Starting Create Volatile Files and Directories...
         Starting AppArmor initialization...
         Starting Tell Plymouth To Write Out Runtime Data...
         Starting Set console font and keymap...
[[0;32m  OK  [0m] Started Tell Plymouth To Write Out Runtime Data.
[[0;32m  OK  [0m] Started Create Volatile Files and Directories.
         Starting Update UTMP about System Boot/Shutdown...
[[0;32m  OK  [0m] Started Set console font and keymap.
[[0;32m  OK  [0m] Started Update UTMP about System Boot/Shutdown.
[[0;32m  OK  [0m] Started ebtables ruleset management.
[[0;32m  OK  [0m] Started AppArmor initialization.
[   17.197045] cloud-init[445]: Cloud-init v. 18.5-45-g3554ffe8-0ubuntu1~18.04.1 running 'init-local' at Sat, 13 Jul 2019 04:37:13 +0000. Up 16.45 seconds.
[[0;32m  OK  [0m] Started Initial cloud-init job (pre-networking).
[[0;32m  OK  [0m] Reached target Network (Pre).
         Starting Network Service...
[[0;32m  OK  [0m] Started Network Service.
         Starting Wait for Network to be Configured...
         Starting Network Name Resolution...
[[0;32m  OK  [0m] Started Network Name Resolution.
[[0;32m  OK  [0m] Reached target Host and Network Name Lookups.
[[0;32m  OK  [0m] Reached target Network.
[[0;32m  OK  [0m] Started Wait for Network to be Configured.
         Starting Initial cloud-init job (metadata service crawler)...
[   20.935750] cloud-init[751]: Cloud-init v. 18.5-45-g3554ffe8-0ubuntu1~18.04.1 running 'init' at Sat, 13 Jul 2019 04:37:17 +0000. Up 20.42 seconds.
[   20.946533] cloud-init[751]: ci-info: ++++++++++++++++++++++++++++++++++++++Net device info+++++++++++++++++++++++++++++++++++++++
[   20.966920] cloud-init[751]: ci-info: +--------+------+-----------------------------+---------------+--------+-------------------+
[   20.970777] cloud-init[751]: ci-info: | Device |  Up  |           Address           |      Mask     | Scope  |     Hw-Address    |
[   20.975159] cloud-init[751]: ci-info: +--------+------+-----------------------------+---------------+--------+-------------------+
[   20.984280] cloud-init[751]: ci-info: | enp0s3 | True |          10.0.2.15          | 255.255.255.0 | global | 02:06:00:4b:33:e4 |
[   20.987561] cloud-init[751]: ci-info: | enp0s3 | True |   fe80::6:ff:fe4b:33e4/64   |       .       |  link  | 02:06:00:4b:33:e4 |
[   20.990713] cloud-init[751]: ci-info: | enp0s8 | True |        192.168.33.10        | 255.255.255.0 | global | 08:00:27:b6:20:ed |
[   21.012837] cloud-init[751]: ci-info: | enp0s8 | True | fe80::a00:27ff:feb6:20ed/64 |       .       |  link  | 08:00:27:b6:20:ed |
[   21.030846] cloud-init[751]: ci-info: |   lo   | True |          127.0.0.1          |   255.0.0.0   |  host  |         .         |
[   21.048722] cloud-init[751]: ci-info: |   lo   | True |           ::1/128           |       .       |  host  |         .         |
[   21.080326] cloud-init[751]: ci-info: +--------+------+-----------------------------+---------------+--------+-------------------+
[   21.085873] cloud-init[751]: ci-info: +++++++++++++++++++++++++++++Route IPv4 info+++++++++++++++++++++++++++++
[   21.140394] cloud-init[751]: ci-info: +-------+--------------+----------+-----------------+-----------+-------+
[   21.162701] cloud-init[751]: ci-info: | Route | Destination  | Gateway  |     Genmask     | Interface | Flags |
[   21.174122] cloud-init[751]: ci-info: +-------+--------------+----------+-----------------+-----------+-------+
[   21.186645] cloud-init[751]: ci-info: |   0   |   0.0.0.0    | 10.0.2.2 |     0.0.0.0     |   enp0s3  |   UG  |
[   21.232696] cloud-init[751]: ci-info: |   1   |   10.0.2.0   | 0.0.0.0  |  255.255.255.0  |   enp0s3  |   U   |
[   21.251911] cloud-init[751]: ci-info: |   2   |   10.0.2.2   | 0.0.0.0  | 255.255.255.255 |   enp0s3  |   UH  |
[   21.273248] cloud-init[751]: ci-info: |   3   | 192.168.33.0 | 0.0.0.0  |  255.255.255.0  |   enp0s8  |   U   |
[   21.292725] cloud-init[751]: ci-info: +-------+--------------+----------+-----------------+-----------+-------+
[   21.308704] cloud-init[751]: ci-info: +++++++++++++++++++Route IPv6 info+++++++++++++++++++
[   21.318019] cloud-init[751]: ci-info: +-------+-------------+---------+-----------+-------+
[   21.330570] cloud-init[751]: ci-info: | Route | Destination | Gateway | Interface | Flags |
[   21.353248] cloud-init[751]: ci-info: +-------+-------------+---------+-----------+-------+
[   21.358053] cloud-init[751]: ci-info: |   1   |  fe80::/64  |    ::   |   enp0s8  |   U   |
[   21.362355] cloud-init[751]: ci-info: |   2   |  fe80::/64  |    ::   |   enp0s3  |   U   |
[   21.366166] cloud-init[751]: ci-info: |   4   |    local    |    ::   |   enp0s3  |   U   |
[[0;32m  OK  [0m] Started Initial cloud-init job (metadata service crawler).
[[   21.410449] cloud-init[751]: ci-info: |   5   |    local    |    ::   |   enp0s8  |   U   |
[   21.447212] cloud-init[751]: ci-info: |   6   |   ff00::/8  |    ::   |   enp0s8  |   U   |
[   21.450426] [0;32m  OK  [0m] Reached target Network is Online.
cloud-init[751]: ci-info: |   7   |   ff00::/8  |    ::   |   enp0s3  |   U   |
[[0;32m  OK  [0m] Reached target Remote File Systems (Pre).
[   21.503513] cloud-init[751]: ci-info: +-------+-------------+---------+-----------+-------+
[[0;32m  OK  [0m] Reached target Remote File Systems.
         Starting Availability of block devices...
[[0;32m  OK  [0m] Reached target System Initialization.
         Starting LXD - unix socket.
[[0;32m  OK  [0m] Started Daily apt download activities.
[[0;32m  OK  [0m] Listening on ACPID Listen Socket.
[[0;32m  OK  [0m] Started Discard unused blocks once a week.
         Starting Socket activation for snappy daemon.
[[0;32m  OK  [0m] Started ACPI Events Check.
[[0;32m  OK  [0m] Reached target Paths.
[[0;32m  OK  [0m] Listening on Open-iSCSI iscsid Socket.
[[0;32m  OK  [0m] Started Message of the Day.
[[0;32m  OK  [0m] Started Daily apt upgrade and clean activities.
[[0;32m  OK  [0m] Listening on UUID daemon activation socket.
[[0;32m  OK  [0m] Started Daily Cleanup of Temporary Directories.
[[0;32m  OK  [0m] Reached target Timers.
[[0;32m  OK  [0m] Listening on D-Bus System Message Bus Socket.
[[0;32m  OK  [0m] Reached target Cloud-config availability.
[[0;32m  OK  [0m] Started Availability of block devices.
[[0;32m  OK  [0m] Listening on LXD - unix socket.
[[0;32m  OK  [0m] Listening on Socket activation for snappy daemon.
[[0;32m  OK  [0m] Reached target Sockets.
[[0;32m  OK  [0m] Reached target Basic System.
         Starting Discard unused blocks...
[[0;32m  OK  [0m] Started Deferred execution scheduler.
         Starting LXD - container startup/shutdown...
[[0;32m  OK  [0m] Started irqbalance daemon.
[[0;32m  OK  [0m] Started Regular background program processing daemon.
         Starting Accounts Service...
         Starting LSB: Record successful boot for GRUB...
         Starting Dispatcher daemon for systemd-networkd...
[[0;32m  OK  [0m] Started D-Bus System Message Bus.
         Starting OpenBSD Secure Shell server...
         Starting LSB: automatic crash report generation...
         Starting Virtualbox guest utils...
         Starting Snappy daemon...
         Starting Permit User Sessions...
[[0;32m  OK  [0m] Started FUSE filesystem for LXC.
         Starting System Logging Service...
         Starting Login Service...
[[0;32m  OK  [0m] Started Discard unused blocks.
[[0;32m  OK  [0m] Started LXD - container startup/shutdown.
[[0;32m  OK  [0m] Started OpenBSD Secure Shell server.
[[0;32m  OK  [0m] Started System Logging Service.
[[0;32m  OK  [0m] Started Permit User Sessions.
[[0;32m  OK  [0m] Started Login Service.
[[0;32m  OK  [0m] Started Unattended Upgrades Shutdown.
         Starting Terminate Plymouth Boot Screen...
         Starting Hold until boot process finishes up...
         Starting Authorization Manager...
[[0;32m  OK  [0m] Started Terminate Plymouth Boot Screen.
[[0;32m  OK  [0m] Started Hold until boot process finishes up.
[[0;32m  OK  [0m] Started Serial Getty on ttyS0.
         Starting Set console scheme...
[[0;32m  OK  [0m] Started Set console scheme.
[[0;32m  OK  [0m] Started LSB: Record successful boot for GRUB.
[[0;32m  OK  [0m] Created slice system-getty.slice.
[[0;32m  OK  [0m] Started Getty on tty1.
[[0;32m  OK  [0m] Reached target Login Prompts.
[[0;32m  OK  [0m] Started LSB: automatic crash report generation.
[[0;32m  OK  [0m] Started Authorization Manager.
[[0;32m  OK  [0m] Started Accounts Service.
[[0;32m  OK  [0m] Started Dispatcher daemon for systemd-networkd.
[[0;32m  OK  [0m] Started Virtualbox guest utils.
[[0;32m  OK  [0m] Started Snappy daemon.
         Starting Wait until snapd is fully seeded...
[[0;32m  OK  [0m] Started Wait until snapd is fully seeded.
         Starting Apply the settings specified in cloud-config...
[[0;32m  OK  [0m] Reached target Multi-User System.
[[0;32m  OK  [0m] Reached target Graphical Interface.
         Starting Update UTMP about System Runlevel Changes...
[[0;32m  OK  [0m] Started Update UTMP about System Runlevel Changes.
[   25.502272] cloud-init[1073]: Cloud-init v. 18.5-45-g3554ffe8-0ubuntu1~18.04.1 running 'modules:config' at Sat, 13 Jul 2019 04:37:22 +0000. Up 25.15 seconds.
[[0;32m  OK  [0m] Started Apply the settings specified in cloud-config.
         Starting Execute cloud user/final scripts...
[   27.206470] cloud-init[1111]: Cloud-init v. 18.5-45-g3554ffe8-0ubuntu1~18.04.1 running 'modules:final' at Sat, 13 Jul 2019 04:37:24 +0000. Up 26.87 seconds.
[   27.211990] cloud-init[1111]: Cloud-init v. 18.5-45-g3554ffe8-0ubuntu1~18.04.1 finished at Sat, 13 Jul 2019 04:37:24 +0000. Datasource DataSourceNoCloud [seed=/dev/sdb][dsmode=net].  Up 27.18 seconds
[[0;32m  OK  [0m] Started Execute cloud user/final scripts.
[[0;32m  OK  [0m] Reached target Cloud-init target.

Ubuntu 18.04.2 LTS ubuntu-bionic ttyS0

ubuntu-bionic login: 